
> rockitcode-learning-platform@0.1.0 build
> next build

   Γû▓ Next.js 15.3.2
   - Environments: .env.local

   Creating an optimized production build ...
 Γ£ô Compiled successfully in 19.0s
   Skipping linting
   Checking validity of types ...
npm : Failed to compile.
At line:1 char:1
+ npm run build 2>&1 | Tee-Object -FilePath build-output.txt
+ ~~~~~~~~~~~~~~~~~~
    + CategoryInfo          : NotSpecified: (Failed to compile.:String) [], RemoteException
    + FullyQualifiedErrorId : NativeCommandError
 

./src/components/TabbedForm-old.tsx:47:30
Type error: Cannot find name 'handleTabSwitch'.

[0m [90m 45 |[39m           [33m<[39m[33mnav[39m className[33m=[39m[32m"flex -mb-px 
space-x-8"[39m[33m>[39m[0m
[0m [90m 46 |[39m             [33m<[39m[33mbutton[39m [0m
[0m[31m[1m>[22m[39m[90m 47 |[39m               onClick[33m=[39m{() [33m=>[39m 
handleTabSwitch([32m'signup'[39m)}[0m
[0m [90m    |[39m                              [31m[1m^[22m[39m[0m
[0m [90m 48 |[39m               className[33m=[39m{[32m`relative px-1 py-2 text-sm 
font-medium border-b-2 transition-all duration-300 group ${[39m[0m
[0m [90m 49 |[39m [32m                activeTab === 'signup'[39m[0m
[0m [90m 50 |[39m [32m                  ? 'border-blue-500 text-blue-600 
dark:text-blue-400'[39m[0m
Next.js build worker exited with code: 1 and signal: null
